2026-02-27 00:26:54 INFO  [] c.s.s.scheduler.DealScheduler - Starting 30-min price sync job
2026-02-27 00:26:54 INFO  [] c.s.s.s.s.AffiliateSyncServiceImpl - Synced 0 deals from amazon
2026-02-27 00:26:54 INFO  [] c.s.s.i.FlipkartAffiliateClient - Flipkart affiliate not configured; using dummy deals for UI
2026-02-27 00:26:57 INFO  [] c.s.s.s.s.AffiliateSyncServiceImpl - Synced 5 deals from flipkart
2026-02-27 00:56:54 INFO  [] c.s.s.scheduler.DealScheduler - Starting 30-min price sync job
2026-02-27 00:56:54 INFO  [] c.s.s.s.s.AffiliateSyncServiceImpl - Synced 0 deals from amazon
2026-02-27 00:56:54 INFO  [] c.s.s.i.FlipkartAffiliateClient - Flipkart affiliate not configured; using dummy deals for UI
2026-02-27 00:56:57 INFO  [] c.s.s.s.s.AffiliateSyncServiceImpl - Synced 5 deals from flipkart
2026-02-27 01:26:54 INFO  [] c.s.s.scheduler.DealScheduler - Starting 30-min price sync job
2026-02-27 01:26:54 INFO  [] c.s.s.s.s.AffiliateSyncServiceImpl - Synced 0 deals from amazon
2026-02-27 01:26:54 INFO  [] c.s.s.i.FlipkartAffiliateClient - Flipkart affiliate not configured; using dummy deals for UI
2026-02-27 01:26:57 INFO  [] c.s.s.s.s.AffiliateSyncServiceImpl - Synced 5 deals from flipkart
2026-02-27 01:28:35 INFO  [] c.s.s.scheduler.DealScheduler - Starting expired deals cleanup job
2026-02-27 01:28:36 INFO  [] c.s.s.s.s.AffiliateSyncServiceImpl - Deactivated 1 expired deals
2026-02-27 01:56:54 INFO  [] c.s.s.scheduler.DealScheduler - Starting 30-min price sync job
2026-02-27 01:56:54 INFO  [] c.s.s.s.s.AffiliateSyncServiceImpl - Synced 0 deals from amazon
2026-02-27 01:56:54 INFO  [] c.s.s.i.FlipkartAffiliateClient - Flipkart affiliate not configured; using dummy deals for UI
2026-02-27 01:56:57 INFO  [] c.s.s.s.s.AffiliateSyncServiceImpl - Synced 5 deals from flipkart
2026-02-27 02:12:26 INFO  [] o.s.b.w.e.tomcat.GracefulShutdown - Commencing graceful shutdown. Waiting for active requests to complete
2026-02-27 02:12:26 INFO  [] o.s.b.w.e.tomcat.GracefulShutdown - Graceful shutdown complete
2026-02-27 02:12:26 INFO  [] o.s.o.j.LocalContainerEntityManagerFactoryBean - Closing JPA EntityManagerFactory for persistence unit 'default'
2026-02-27 02:12:26 INFO  [] com.zaxxer.hikari.HikariDataSource - HikariPool-4 - Shutdown initiated...
2026-02-27 02:12:29 INFO  [] com.zaxxer.hikari.HikariDataSource - HikariPool-4 - Shutdown completed.
