2026-02-22 00:00:00 INFO  [] c.s.s.scheduler.DealScheduler - Starting expired deals cleanup job
2026-02-22 00:00:02 INFO  [] c.s.s.s.s.AffiliateSyncServiceImpl - Deactivated 4 expired deals
2026-02-22 00:05:52 INFO  [] o.s.b.w.e.tomcat.GracefulShutdown - Commencing graceful shutdown. Waiting for active requests to complete
2026-02-22 00:05:52 INFO  [] o.s.b.w.e.tomcat.GracefulShutdown - Graceful shutdown complete
2026-02-22 00:05:52 INFO  [] o.s.o.j.LocalContainerEntityManagerFactoryBean - Closing JPA EntityManagerFactory for persistence unit 'default'
2026-02-22 00:05:52 INFO  [] com.zaxxer.hikari.HikariDataSource - HikariPool-1 - Shutdown initiated...
2026-02-22 00:05:55 INFO  [] com.zaxxer.hikari.HikariDataSource - HikariPool-1 - Shutdown completed.
2026-02-22 00:06:05 INFO  [] o.h.validator.internal.util.Version - HV000001: Hibernate Validator 8.0.3.Final
2026-02-22 00:06:05 INFO  [] c.s.snatchmart.SnatchMartApplication - Starting SnatchMartApplication using Java 21.0.9 with PID 9125 (/Users/pulkitgiddu/Documents/Code/Backend/snatchMart/target/classes started by pulkitgiddu in /Users/pulkitgiddu/Documents/Code/Backend/snatchMart)
2026-02-22 00:06:05 DEBUG [] c.s.snatchmart.SnatchMartApplication - Running with Spring Boot v3.5.6, Spring v6.2.11
2026-02-22 00:06:05 INFO  [] c.s.snatchmart.SnatchMartApplication - The following 1 profile is active: "local"
2026-02-22 00:06:05 INFO  [] o.s.b.d.e.DevToolsPropertyDefaultsPostProcessor - Devtools property defaults active! Set 'spring.devtools.add-properties' to 'false' to disable
2026-02-22 00:06:05 INFO  [] o.s.b.d.e.DevToolsPropertyDefaultsPostProcessor - For additional web related logging consider setting the 'logging.level.web' property to 'DEBUG'
2026-02-22 00:06:05 INFO  [] o.s.d.r.c.RepositoryConfigurationDelegate - Multiple Spring Data modules found, entering strict repository configuration mode
2026-02-22 00:06:05 INFO  [] o.s.d.r.c.RepositoryConfigurationDelegate - Bootstrapping Spring Data JPA repositories in DEFAULT mode.
2026-02-22 00:06:05 INFO  [] o.s.d.r.c.RepositoryConfigurationDelegate - Finished Spring Data repository scanning in 58 ms. Found 12 JPA repository interfaces.
2026-02-22 00:06:06 INFO  [] o.s.b.w.e.tomcat.TomcatWebServer - Tomcat initialized with port 8081 (http)
2026-02-22 00:06:06 INFO  [] o.a.coyote.http11.Http11NioProtocol - Initializing ProtocolHandler ["http-nio-0.0.0.0-8081"]
2026-02-22 00:06:06 INFO  [] o.a.catalina.core.StandardService - Starting service [Tomcat]
2026-02-22 00:06:06 INFO  [] o.a.catalina.core.StandardEngine - Starting Servlet engine: [Apache Tomcat/10.1.46]
2026-02-22 00:06:06 INFO  [] o.a.c.c.C.[Tomcat].[localhost].[/] - Initializing Spring embedded WebApplicationContext
2026-02-22 00:06:06 INFO  [] o.s.b.w.s.c.ServletWebServerApplicationContext - Root WebApplicationContext: initialization completed in 622 ms
2026-02-22 00:06:06 INFO  [] o.h.jpa.internal.util.LogHelper - HHH000204: Processing PersistenceUnitInfo [name: default]
2026-02-22 00:06:06 INFO  [] org.hibernate.Version - HHH000412: Hibernate ORM core version 6.6.29.Final
2026-02-22 00:06:06 INFO  [] o.h.c.i.RegionFactoryInitiator - HHH000026: Second-level cache disabled
2026-02-22 00:06:06 INFO  [] o.s.o.j.p.SpringPersistenceUnitInfo - No LoadTimeWeaver setup: ignoring JPA class transformer
2026-02-22 00:06:06 INFO  [] com.zaxxer.hikari.HikariDataSource - HikariPool-1 - Starting...
2026-02-22 00:06:09 INFO  [] com.zaxxer.hikari.pool.HikariPool - HikariPool-1 - Added connection org.postgresql.jdbc.PgConnection@1983fe1
2026-02-22 00:06:09 INFO  [] com.zaxxer.hikari.HikariDataSource - HikariPool-1 - Start completed.
2026-02-22 00:06:09 WARN  [] org.hibernate.orm.deprecation - HHH90000025: PostgreSQLDialect does not need to be specified explicitly using 'hibernate.dialect' (remove the property setting and it will be selected by default)
2026-02-22 00:06:10 INFO  [] o.hibernate.orm.connections.pooling - HHH10001005: Database info:
	Database JDBC URL [Connecting through datasource 'HikariDataSource (HikariPool-1)']
	Database driver: undefined/unknown
	Database version: 17.8
	Autocommit mode: undefined/unknown
	Isolation level: undefined/unknown
	Minimum pool size: undefined/unknown
	Maximum pool size: undefined/unknown
2026-02-22 00:06:10 INFO  [] o.h.e.t.j.p.i.JtaPlatformInitiator - HHH000489: No JTA platform available (set 'hibernate.transaction.jta.platform' to enable JTA platform integration)
2026-02-22 00:06:26 INFO  [] o.s.o.j.LocalContainerEntityManagerFactoryBean - Initialized JPA EntityManagerFactory for persistence unit 'default'
2026-02-22 00:06:26 INFO  [] o.s.d.j.r.query.QueryEnhancerFactory - Hibernate is in classpath; If applicable, HQL parser will be used.
2026-02-22 00:06:26 DEBUG [] c.s.s.s.JwtAuthenticationFilter - Filter 'jwtAuthenticationFilter' configured for use
2026-02-22 00:06:27 INFO  [] o.s.s.c.a.a.c.InitializeAuthenticationProviderBeanManagerConfigurer$InitializeAuthenticationProviderManagerConfigurer - Global AuthenticationManager configured with AuthenticationProvider bean with name authenticationProvider
2026-02-22 00:06:27 WARN  [] o.s.s.c.a.a.c.InitializeUserDetailsBeanManagerConfigurer$InitializeUserDetailsManagerConfigurer - Global AuthenticationManager configured with an AuthenticationProvider bean. UserDetailsService beans will not be used by Spring Security for automatically configuring username/password login. Consider removing the AuthenticationProvider bean. Alternatively, consider using the UserDetailsService in a manually instantiated DaoAuthenticationProvider. If the current configuration is intentional, to turn off this warning, increase the logging level of 'org.springframework.security.config.annotation.authentication.configuration.InitializeUserDetailsBeanManagerConfigurer' to ERROR
2026-02-22 00:06:27 WARN  [] o.s.b.a.o.j.JpaBaseConfiguration$JpaWebConfiguration - spring.jpa.open-in-view is enabled by default. Therefore, database queries may be performed during view rendering. Explicitly configure spring.jpa.open-in-view to disable this warning
2026-02-22 00:06:27 INFO  [] o.s.b.a.h.H2ConsoleAutoConfiguration - H2 console available at '/h2-console'. Database available at 'jdbc:postgresql://ep-blue-field-afvby5th-pooler.c-2.us-west-2.aws.neon.tech/neondb?sslmode=require'
2026-02-22 00:06:27 INFO  [] o.s.b.d.a.OptionalLiveReloadServer - LiveReload server is running on port 35729
2026-02-22 00:06:27 INFO  [] o.a.coyote.http11.Http11NioProtocol - Starting ProtocolHandler ["http-nio-0.0.0.0-8081"]
2026-02-22 00:06:27 INFO  [] o.s.b.w.e.tomcat.TomcatWebServer - Tomcat started on port 8081 (http) with context path '/'
2026-02-22 00:06:27 INFO  [] c.s.snatchmart.SnatchMartApplication - Started SnatchMartApplication in 22.32 seconds (process running for 22.462)
2026-02-22 00:06:27 INFO  [] c.s.s.scheduler.DealScheduler - Starting 30-min price sync job
2026-02-22 00:06:27 INFO  [] c.s.s.s.s.AffiliateSyncServiceImpl - Synced 0 deals from amazon
2026-02-22 00:06:27 INFO  [] c.s.s.s.s.AffiliateSyncServiceImpl - Synced 0 deals from flipkart
2026-02-22 00:06:28 INFO  [] o.a.c.c.C.[Tomcat].[localhost].[/] - Initializing Spring DispatcherServlet 'dispatcherServlet'
2026-02-22 00:06:28 INFO  [] o.s.web.servlet.DispatcherServlet - Initializing Servlet 'dispatcherServlet'
2026-02-22 00:06:28 INFO  [] o.s.web.servlet.DispatcherServlet - Completed initialization in 1 ms
2026-02-22 00:06:38 WARN  [] o.h.p.entity.AbstractEntityPersister - HHH000502: The [product] property of the [com.snatchmart.snatchmart.entity.UserWishlist] entity was modified, but it won't be updated because the property is immutable.
2026-02-22 00:06:38 WARN  [] o.h.p.entity.AbstractEntityPersister - HHH000502: The [user] property of the [com.snatchmart.snatchmart.entity.UserWishlist] entity was modified, but it won't be updated because the property is immutable.
2026-02-22 00:17:05 INFO  [] c.s.s.c.UserSignUpController - BACKEND received POST /api/v1/login: email_id=pulkitgiddu09@gmail.com, password present=true
2026-02-22 00:17:06 INFO  [] c.s.s.c.UserSignUpController - BACKEND login success: id=8789ba4d-c1ba-4041-a3ef-37bc17ff21a9
2026-02-22 00:25:54 INFO  [] o.s.b.d.a.LocalDevToolsAutoConfiguration$RestartingClassPathChangeChangedEventListener - Restarting due to 1 class path change (1 addition, 0 deletions, 0 modifications)
2026-02-22 00:25:54 INFO  [] o.s.b.w.e.tomcat.GracefulShutdown - Commencing graceful shutdown. Waiting for active requests to complete
2026-02-22 00:25:54 INFO  [] o.a.coyote.http11.Http11NioProtocol - Pausing ProtocolHandler ["http-nio-0.0.0.0-8081"]
2026-02-22 00:25:54 INFO  [] o.s.b.w.e.tomcat.GracefulShutdown - Graceful shutdown complete
2026-02-22 00:25:54 INFO  [] o.a.coyote.http11.Http11NioProtocol - Stopping ProtocolHandler ["http-nio-0.0.0.0-8081"]
2026-02-22 00:25:54 INFO  [] o.s.o.j.LocalContainerEntityManagerFactoryBean - Closing JPA EntityManagerFactory for persistence unit 'default'
2026-02-22 00:25:54 INFO  [] com.zaxxer.hikari.HikariDataSource - HikariPool-1 - Shutdown initiated...
2026-02-22 00:25:56 INFO  [] com.zaxxer.hikari.HikariDataSource - HikariPool-1 - Shutdown completed.
2026-02-22 00:25:57 INFO  [] c.s.snatchmart.SnatchMartApplication - Starting SnatchMartApplication using Java 21.0.9 with PID 9125 (/Users/pulkitgiddu/Documents/Code/Backend/snatchMart/target/classes started by pulkitgiddu in /Users/pulkitgiddu/Documents/Code/Backend/snatchMart)
2026-02-22 00:25:57 DEBUG [] c.s.snatchmart.SnatchMartApplication - Running with Spring Boot v3.5.6, Spring v6.2.11
2026-02-22 00:25:57 INFO  [] c.s.snatchmart.SnatchMartApplication - The following 1 profile is active: "local"
2026-02-22 00:25:57 INFO  [] o.s.d.r.c.RepositoryConfigurationDelegate - Multiple Spring Data modules found, entering strict repository configuration mode
2026-02-22 00:25:57 INFO  [] o.s.d.r.c.RepositoryConfigurationDelegate - Bootstrapping Spring Data JPA repositories in DEFAULT mode.
2026-02-22 00:25:57 INFO  [] o.s.d.r.c.RepositoryConfigurationDelegate - Finished Spring Data repository scanning in 13 ms. Found 12 JPA repository interfaces.
2026-02-22 00:25:57 INFO  [] o.s.b.w.e.tomcat.TomcatWebServer - Tomcat initialized with port 8081 (http)
2026-02-22 00:25:57 INFO  [] o.a.coyote.http11.Http11NioProtocol - Initializing ProtocolHandler ["http-nio-0.0.0.0-8081"]
2026-02-22 00:25:57 INFO  [] o.a.catalina.core.StandardService - Starting service [Tomcat]
2026-02-22 00:25:57 INFO  [] o.a.catalina.core.StandardEngine - Starting Servlet engine: [Apache Tomcat/10.1.46]
2026-02-22 00:25:57 INFO  [] o.a.c.c.C.[Tomcat].[localhost].[/] - Initializing Spring embedded WebApplicationContext
2026-02-22 00:25:57 INFO  [] o.s.b.w.s.c.ServletWebServerApplicationContext - Root WebApplicationContext: initialization completed in 226 ms
2026-02-22 00:25:57 INFO  [] o.h.jpa.internal.util.LogHelper - HHH000204: Processing PersistenceUnitInfo [name: default]
2026-02-22 00:25:57 INFO  [] o.h.c.i.RegionFactoryInitiator - HHH000026: Second-level cache disabled
2026-02-22 00:25:57 INFO  [] o.s.o.j.p.SpringPersistenceUnitInfo - No LoadTimeWeaver setup: ignoring JPA class transformer
2026-02-22 00:25:57 INFO  [] com.zaxxer.hikari.HikariDataSource - HikariPool-2 - Starting...
2026-02-22 00:25:59 INFO  [] com.zaxxer.hikari.pool.HikariPool - HikariPool-2 - Added connection org.postgresql.jdbc.PgConnection@78ad1ad4
2026-02-22 00:25:59 INFO  [] com.zaxxer.hikari.HikariDataSource - HikariPool-2 - Start completed.
2026-02-22 00:26:00 WARN  [] org.hibernate.orm.deprecation - HHH90000025: PostgreSQLDialect does not need to be specified explicitly using 'hibernate.dialect' (remove the property setting and it will be selected by default)
2026-02-22 00:26:00 INFO  [] o.hibernate.orm.connections.pooling - HHH10001005: Database info:
	Database JDBC URL [Connecting through datasource 'HikariDataSource (HikariPool-2)']
	Database driver: undefined/unknown
	Database version: 17.8
	Autocommit mode: undefined/unknown
	Isolation level: undefined/unknown
	Minimum pool size: undefined/unknown
	Maximum pool size: undefined/unknown
2026-02-22 00:26:01 INFO  [] o.h.e.t.j.p.i.JtaPlatformInitiator - HHH000489: No JTA platform available (set 'hibernate.transaction.jta.platform' to enable JTA platform integration)
2026-02-22 00:26:16 INFO  [] o.s.o.j.LocalContainerEntityManagerFactoryBean - Initialized JPA EntityManagerFactory for persistence unit 'default'
2026-02-22 00:26:16 DEBUG [] c.s.s.s.JwtAuthenticationFilter - Filter 'jwtAuthenticationFilter' configured for use
2026-02-22 00:26:16 INFO  [] o.s.s.c.a.a.c.InitializeAuthenticationProviderBeanManagerConfigurer$InitializeAuthenticationProviderManagerConfigurer - Global AuthenticationManager configured with AuthenticationProvider bean with name authenticationProvider
2026-02-22 00:26:16 WARN  [] o.s.s.c.a.a.c.InitializeUserDetailsBeanManagerConfigurer$InitializeUserDetailsManagerConfigurer - Global AuthenticationManager configured with an AuthenticationProvider bean. UserDetailsService beans will not be used by Spring Security for automatically configuring username/password login. Consider removing the AuthenticationProvider bean. Alternatively, consider using the UserDetailsService in a manually instantiated DaoAuthenticationProvider. If the current configuration is intentional, to turn off this warning, increase the logging level of 'org.springframework.security.config.annotation.authentication.configuration.InitializeUserDetailsBeanManagerConfigurer' to ERROR
2026-02-22 00:26:16 WARN  [] o.s.b.a.o.j.JpaBaseConfiguration$JpaWebConfiguration - spring.jpa.open-in-view is enabled by default. Therefore, database queries may be performed during view rendering. Explicitly configure spring.jpa.open-in-view to disable this warning
2026-02-22 00:26:16 INFO  [] o.s.b.a.h.H2ConsoleAutoConfiguration - H2 console available at '/h2-console'. Database available at 'jdbc:postgresql://ep-blue-field-afvby5th-pooler.c-2.us-west-2.aws.neon.tech/neondb?sslmode=require'
2026-02-22 00:26:16 INFO  [] o.s.b.d.a.OptionalLiveReloadServer - LiveReload server is running on port 35729
2026-02-22 00:26:16 INFO  [] o.a.coyote.http11.Http11NioProtocol - Starting ProtocolHandler ["http-nio-0.0.0.0-8081"]
2026-02-22 00:26:16 INFO  [] o.s.b.w.e.tomcat.TomcatWebServer - Tomcat started on port 8081 (http) with context path '/'
2026-02-22 00:26:16 INFO  [] c.s.s.scheduler.DealScheduler - Starting 30-min price sync job
2026-02-22 00:26:16 INFO  [] c.s.snatchmart.SnatchMartApplication - Started SnatchMartApplication in 19.697 seconds (process running for 1211.442)
2026-02-22 00:26:16 INFO  [] c.s.s.s.s.AffiliateSyncServiceImpl - Synced 0 deals from amazon
2026-02-22 00:26:16 INFO  [] c.s.s.s.s.AffiliateSyncServiceImpl - Synced 0 deals from flipkart
2026-02-22 00:26:16 INFO  [] o.s.b.d.a.ConditionEvaluationDeltaLoggingListener - Condition evaluation unchanged
2026-02-22 00:29:43 INFO  [] o.s.b.d.a.LocalDevToolsAutoConfiguration$RestartingClassPathChangeChangedEventListener - Restarting due to 1 class path change (0 additions, 0 deletions, 1 modification)
2026-02-22 00:29:43 INFO  [] o.s.b.w.e.tomcat.GracefulShutdown - Commencing graceful shutdown. Waiting for active requests to complete
2026-02-22 00:29:43 INFO  [] o.a.coyote.http11.Http11NioProtocol - Pausing ProtocolHandler ["http-nio-0.0.0.0-8081"]
2026-02-22 00:29:43 INFO  [] o.s.b.w.e.tomcat.GracefulShutdown - Graceful shutdown complete
2026-02-22 00:29:43 INFO  [] o.a.coyote.http11.Http11NioProtocol - Stopping ProtocolHandler ["http-nio-0.0.0.0-8081"]
2026-02-22 00:29:43 INFO  [] o.s.o.j.LocalContainerEntityManagerFactoryBean - Closing JPA EntityManagerFactory for persistence unit 'default'
2026-02-22 00:29:43 INFO  [] com.zaxxer.hikari.HikariDataSource - HikariPool-2 - Shutdown initiated...
2026-02-22 00:29:46 INFO  [] com.zaxxer.hikari.HikariDataSource - HikariPool-2 - Shutdown completed.
2026-02-22 00:29:46 INFO  [] c.s.snatchmart.SnatchMartApplication - Starting SnatchMartApplication using Java 21.0.9 with PID 9125 (/Users/pulkitgiddu/Documents/Code/Backend/snatchMart/target/classes started by pulkitgiddu in /Users/pulkitgiddu/Documents/Code/Backend/snatchMart)
2026-02-22 00:29:46 DEBUG [] c.s.snatchmart.SnatchMartApplication - Running with Spring Boot v3.5.6, Spring v6.2.11
2026-02-22 00:29:46 INFO  [] c.s.snatchmart.SnatchMartApplication - The following 1 profile is active: "local"
2026-02-22 00:29:46 INFO  [] o.s.d.r.c.RepositoryConfigurationDelegate - Multiple Spring Data modules found, entering strict repository configuration mode
2026-02-22 00:29:46 INFO  [] o.s.d.r.c.RepositoryConfigurationDelegate - Bootstrapping Spring Data JPA repositories in DEFAULT mode.
2026-02-22 00:29:46 INFO  [] o.s.d.r.c.RepositoryConfigurationDelegate - Finished Spring Data repository scanning in 10 ms. Found 12 JPA repository interfaces.
2026-02-22 00:29:46 INFO  [] o.s.b.w.e.tomcat.TomcatWebServer - Tomcat initialized with port 8081 (http)
2026-02-22 00:29:46 INFO  [] o.a.coyote.http11.Http11NioProtocol - Initializing ProtocolHandler ["http-nio-0.0.0.0-8081"]
2026-02-22 00:29:46 INFO  [] o.a.catalina.core.StandardService - Starting service [Tomcat]
2026-02-22 00:29:46 INFO  [] o.a.catalina.core.StandardEngine - Starting Servlet engine: [Apache Tomcat/10.1.46]
2026-02-22 00:29:46 INFO  [] o.a.c.c.C.[Tomcat].[localhost].[/] - Initializing Spring embedded WebApplicationContext
2026-02-22 00:29:46 INFO  [] o.s.b.w.s.c.ServletWebServerApplicationContext - Root WebApplicationContext: initialization completed in 184 ms
2026-02-22 00:29:46 INFO  [] o.h.jpa.internal.util.LogHelper - HHH000204: Processing PersistenceUnitInfo [name: default]
2026-02-22 00:29:46 INFO  [] o.h.c.i.RegionFactoryInitiator - HHH000026: Second-level cache disabled
2026-02-22 00:29:46 INFO  [] o.s.o.j.p.SpringPersistenceUnitInfo - No LoadTimeWeaver setup: ignoring JPA class transformer
2026-02-22 00:29:46 INFO  [] com.zaxxer.hikari.HikariDataSource - HikariPool-3 - Starting...
2026-02-22 00:29:49 INFO  [] com.zaxxer.hikari.pool.HikariPool - HikariPool-3 - Added connection org.postgresql.jdbc.PgConnection@59fe8baa
2026-02-22 00:29:49 INFO  [] com.zaxxer.hikari.HikariDataSource - HikariPool-3 - Start completed.
2026-02-22 00:29:49 WARN  [] org.hibernate.orm.deprecation - HHH90000025: PostgreSQLDialect does not need to be specified explicitly using 'hibernate.dialect' (remove the property setting and it will be selected by default)
2026-02-22 00:29:50 INFO  [] o.hibernate.orm.connections.pooling - HHH10001005: Database info:
	Database JDBC URL [Connecting through datasource 'HikariDataSource (HikariPool-3)']
	Database driver: undefined/unknown
	Database version: 17.8
	Autocommit mode: undefined/unknown
	Isolation level: undefined/unknown
	Minimum pool size: undefined/unknown
	Maximum pool size: undefined/unknown
2026-02-22 00:29:50 INFO  [] o.h.e.t.j.p.i.JtaPlatformInitiator - HHH000489: No JTA platform available (set 'hibernate.transaction.jta.platform' to enable JTA platform integration)
2026-02-22 00:30:06 INFO  [] o.s.o.j.LocalContainerEntityManagerFactoryBean - Initialized JPA EntityManagerFactory for persistence unit 'default'
2026-02-22 00:30:06 DEBUG [] c.s.s.s.JwtAuthenticationFilter - Filter 'jwtAuthenticationFilter' configured for use
2026-02-22 00:30:06 INFO  [] o.s.s.c.a.a.c.InitializeAuthenticationProviderBeanManagerConfigurer$InitializeAuthenticationProviderManagerConfigurer - Global AuthenticationManager configured with AuthenticationProvider bean with name authenticationProvider
2026-02-22 00:30:06 WARN  [] o.s.s.c.a.a.c.InitializeUserDetailsBeanManagerConfigurer$InitializeUserDetailsManagerConfigurer - Global AuthenticationManager configured with an AuthenticationProvider bean. UserDetailsService beans will not be used by Spring Security for automatically configuring username/password login. Consider removing the AuthenticationProvider bean. Alternatively, consider using the UserDetailsService in a manually instantiated DaoAuthenticationProvider. If the current configuration is intentional, to turn off this warning, increase the logging level of 'org.springframework.security.config.annotation.authentication.configuration.InitializeUserDetailsBeanManagerConfigurer' to ERROR
2026-02-22 00:30:06 WARN  [] o.s.b.a.o.j.JpaBaseConfiguration$JpaWebConfiguration - spring.jpa.open-in-view is enabled by default. Therefore, database queries may be performed during view rendering. Explicitly configure spring.jpa.open-in-view to disable this warning
2026-02-22 00:30:06 INFO  [] o.s.b.a.h.H2ConsoleAutoConfiguration - H2 console available at '/h2-console'. Database available at 'jdbc:postgresql://ep-blue-field-afvby5th-pooler.c-2.us-west-2.aws.neon.tech/neondb?sslmode=require'
2026-02-22 00:30:06 INFO  [] o.s.b.d.a.OptionalLiveReloadServer - LiveReload server is running on port 35729
2026-02-22 00:30:06 INFO  [] o.a.coyote.http11.Http11NioProtocol - Starting ProtocolHandler ["http-nio-0.0.0.0-8081"]
2026-02-22 00:30:06 INFO  [] o.s.b.w.e.tomcat.TomcatWebServer - Tomcat started on port 8081 (http) with context path '/'
2026-02-22 00:30:06 INFO  [] c.s.s.scheduler.DealScheduler - Starting 30-min price sync job
2026-02-22 00:30:06 INFO  [] c.s.snatchmart.SnatchMartApplication - Started SnatchMartApplication in 20.088 seconds (process running for 1441.171)
2026-02-22 00:30:06 INFO  [] c.s.s.s.s.AffiliateSyncServiceImpl - Synced 0 deals from amazon
2026-02-22 00:30:06 INFO  [] c.s.s.s.s.AffiliateSyncServiceImpl - Synced 0 deals from flipkart
2026-02-22 00:30:06 INFO  [] o.s.b.d.a.ConditionEvaluationDeltaLoggingListener - Condition evaluation unchanged
2026-02-22 00:30:52 INFO  [] o.a.c.c.C.[Tomcat].[localhost].[/] - Initializing Spring DispatcherServlet 'dispatcherServlet'
2026-02-22 00:30:52 INFO  [] o.s.web.servlet.DispatcherServlet - Initializing Servlet 'dispatcherServlet'
2026-02-22 00:30:52 INFO  [] o.s.web.servlet.DispatcherServlet - Completed initialization in 6 ms
2026-02-22 00:33:52 INFO  [] o.s.b.d.a.LocalDevToolsAutoConfiguration$RestartingClassPathChangeChangedEventListener - Restarting due to 1 class path change (0 additions, 0 deletions, 1 modification)
2026-02-22 00:33:52 INFO  [] o.s.b.w.e.tomcat.GracefulShutdown - Commencing graceful shutdown. Waiting for active requests to complete
2026-02-22 00:33:52 INFO  [] o.a.coyote.http11.Http11NioProtocol - Pausing ProtocolHandler ["http-nio-0.0.0.0-8081"]
2026-02-22 00:33:52 INFO  [] o.s.b.w.e.tomcat.GracefulShutdown - Graceful shutdown complete
2026-02-22 00:33:52 INFO  [] o.a.coyote.http11.Http11NioProtocol - Stopping ProtocolHandler ["http-nio-0.0.0.0-8081"]
2026-02-22 00:33:52 INFO  [] o.s.o.j.LocalContainerEntityManagerFactoryBean - Closing JPA EntityManagerFactory for persistence unit 'default'
2026-02-22 00:33:52 INFO  [] com.zaxxer.hikari.HikariDataSource - HikariPool-3 - Shutdown initiated...
2026-02-22 00:33:56 INFO  [] com.zaxxer.hikari.HikariDataSource - HikariPool-3 - Shutdown completed.
2026-02-22 00:33:56 INFO  [] c.s.snatchmart.SnatchMartApplication - Starting SnatchMartApplication using Java 21.0.9 with PID 9125 (/Users/pulkitgiddu/Documents/Code/Backend/snatchMart/target/classes started by pulkitgiddu in /Users/pulkitgiddu/Documents/Code/Backend/snatchMart)
2026-02-22 00:33:56 DEBUG [] c.s.snatchmart.SnatchMartApplication - Running with Spring Boot v3.5.6, Spring v6.2.11
2026-02-22 00:33:56 INFO  [] c.s.snatchmart.SnatchMartApplication - The following 1 profile is active: "local"
2026-02-22 00:33:56 INFO  [] o.s.d.r.c.RepositoryConfigurationDelegate - Multiple Spring Data modules found, entering strict repository configuration mode
2026-02-22 00:33:56 INFO  [] o.s.d.r.c.RepositoryConfigurationDelegate - Bootstrapping Spring Data JPA repositories in DEFAULT mode.
2026-02-22 00:33:56 INFO  [] o.s.d.r.c.RepositoryConfigurationDelegate - Finished Spring Data repository scanning in 11 ms. Found 12 JPA repository interfaces.
2026-02-22 00:33:56 INFO  [] o.s.b.w.e.tomcat.TomcatWebServer - Tomcat initialized with port 8081 (http)
2026-02-22 00:33:56 INFO  [] o.a.coyote.http11.Http11NioProtocol - Initializing ProtocolHandler ["http-nio-0.0.0.0-8081"]
2026-02-22 00:33:56 INFO  [] o.a.catalina.core.StandardService - Starting service [Tomcat]
2026-02-22 00:33:56 INFO  [] o.a.catalina.core.StandardEngine - Starting Servlet engine: [Apache Tomcat/10.1.46]
2026-02-22 00:33:56 INFO  [] o.a.c.c.C.[Tomcat].[localhost].[/] - Initializing Spring embedded WebApplicationContext
2026-02-22 00:33:56 INFO  [] o.s.b.w.s.c.ServletWebServerApplicationContext - Root WebApplicationContext: initialization completed in 190 ms
2026-02-22 00:33:56 INFO  [] o.h.jpa.internal.util.LogHelper - HHH000204: Processing PersistenceUnitInfo [name: default]
2026-02-22 00:33:56 INFO  [] o.h.c.i.RegionFactoryInitiator - HHH000026: Second-level cache disabled
2026-02-22 00:33:56 INFO  [] o.s.o.j.p.SpringPersistenceUnitInfo - No LoadTimeWeaver setup: ignoring JPA class transformer
2026-02-22 00:33:56 INFO  [] com.zaxxer.hikari.HikariDataSource - HikariPool-4 - Starting...
2026-02-22 00:33:58 INFO  [] com.zaxxer.hikari.pool.HikariPool - HikariPool-4 - Added connection org.postgresql.jdbc.PgConnection@1597a89e
2026-02-22 00:33:58 INFO  [] com.zaxxer.hikari.HikariDataSource - HikariPool-4 - Start completed.
2026-02-22 00:33:59 WARN  [] org.hibernate.orm.deprecation - HHH90000025: PostgreSQLDialect does not need to be specified explicitly using 'hibernate.dialect' (remove the property setting and it will be selected by default)
2026-02-22 00:34:00 INFO  [] o.hibernate.orm.connections.pooling - HHH10001005: Database info:
	Database JDBC URL [Connecting through datasource 'HikariDataSource (HikariPool-4)']
	Database driver: undefined/unknown
	Database version: 17.8
	Autocommit mode: undefined/unknown
	Isolation level: undefined/unknown
	Minimum pool size: undefined/unknown
	Maximum pool size: undefined/unknown
2026-02-22 00:34:00 INFO  [] o.h.e.t.j.p.i.JtaPlatformInitiator - HHH000489: No JTA platform available (set 'hibernate.transaction.jta.platform' to enable JTA platform integration)
2026-02-22 00:34:15 INFO  [] o.s.o.j.LocalContainerEntityManagerFactoryBean - Initialized JPA EntityManagerFactory for persistence unit 'default'
2026-02-22 00:34:15 DEBUG [] c.s.s.s.JwtAuthenticationFilter - Filter 'jwtAuthenticationFilter' configured for use
2026-02-22 00:34:15 INFO  [] o.s.s.c.a.a.c.InitializeAuthenticationProviderBeanManagerConfigurer$InitializeAuthenticationProviderManagerConfigurer - Global AuthenticationManager configured with AuthenticationProvider bean with name authenticationProvider
2026-02-22 00:34:15 WARN  [] o.s.s.c.a.a.c.InitializeUserDetailsBeanManagerConfigurer$InitializeUserDetailsManagerConfigurer - Global AuthenticationManager configured with an AuthenticationProvider bean. UserDetailsService beans will not be used by Spring Security for automatically configuring username/password login. Consider removing the AuthenticationProvider bean. Alternatively, consider using the UserDetailsService in a manually instantiated DaoAuthenticationProvider. If the current configuration is intentional, to turn off this warning, increase the logging level of 'org.springframework.security.config.annotation.authentication.configuration.InitializeUserDetailsBeanManagerConfigurer' to ERROR
2026-02-22 00:34:15 WARN  [] o.s.b.a.o.j.JpaBaseConfiguration$JpaWebConfiguration - spring.jpa.open-in-view is enabled by default. Therefore, database queries may be performed during view rendering. Explicitly configure spring.jpa.open-in-view to disable this warning
2026-02-22 00:34:15 INFO  [] o.s.b.a.h.H2ConsoleAutoConfiguration - H2 console available at '/h2-console'. Database available at 'jdbc:postgresql://ep-blue-field-afvby5th-pooler.c-2.us-west-2.aws.neon.tech/neondb?sslmode=require'
2026-02-22 00:34:15 INFO  [] o.s.b.d.a.OptionalLiveReloadServer - LiveReload server is running on port 35729
2026-02-22 00:34:15 INFO  [] o.a.coyote.http11.Http11NioProtocol - Starting ProtocolHandler ["http-nio-0.0.0.0-8081"]
2026-02-22 00:34:15 INFO  [] o.s.b.w.e.tomcat.TomcatWebServer - Tomcat started on port 8081 (http) with context path '/'
2026-02-22 00:34:15 INFO  [] c.s.s.scheduler.DealScheduler - Starting 30-min price sync job
2026-02-22 00:34:15 INFO  [] c.s.snatchmart.SnatchMartApplication - Started SnatchMartApplication in 19.635 seconds (process running for 1690.436)
2026-02-22 00:34:15 INFO  [] c.s.s.s.s.AffiliateSyncServiceImpl - Synced 0 deals from amazon
2026-02-22 00:34:15 INFO  [] c.s.s.s.s.AffiliateSyncServiceImpl - Synced 0 deals from flipkart
2026-02-22 00:34:15 INFO  [] o.s.b.d.a.ConditionEvaluationDeltaLoggingListener - Condition evaluation unchanged
2026-02-22 00:34:17 INFO  [] o.s.b.d.a.LocalDevToolsAutoConfiguration$RestartingClassPathChangeChangedEventListener - Restarting due to 1 class path change (0 additions, 0 deletions, 1 modification)
2026-02-22 00:34:17 INFO  [] o.s.b.w.e.tomcat.GracefulShutdown - Commencing graceful shutdown. Waiting for active requests to complete
2026-02-22 00:34:17 INFO  [] o.a.coyote.http11.Http11NioProtocol - Pausing ProtocolHandler ["http-nio-0.0.0.0-8081"]
2026-02-22 00:34:17 INFO  [] o.s.b.w.e.tomcat.GracefulShutdown - Graceful shutdown complete
2026-02-22 00:34:17 INFO  [] o.a.coyote.http11.Http11NioProtocol - Stopping ProtocolHandler ["http-nio-0.0.0.0-8081"]
2026-02-22 00:34:17 INFO  [] o.s.o.j.LocalContainerEntityManagerFactoryBean - Closing JPA EntityManagerFactory for persistence unit 'default'
2026-02-22 00:34:17 INFO  [] com.zaxxer.hikari.HikariDataSource - HikariPool-4 - Shutdown initiated...
2026-02-22 00:34:19 INFO  [] com.zaxxer.hikari.HikariDataSource - HikariPool-4 - Shutdown completed.
2026-02-22 00:34:20 INFO  [] c.s.snatchmart.SnatchMartApplication - Starting SnatchMartApplication using Java 21.0.9 with PID 9125 (/Users/pulkitgiddu/Documents/Code/Backend/snatchMart/target/classes started by pulkitgiddu in /Users/pulkitgiddu/Documents/Code/Backend/snatchMart)
2026-02-22 00:34:20 DEBUG [] c.s.snatchmart.SnatchMartApplication - Running with Spring Boot v3.5.6, Spring v6.2.11
2026-02-22 00:34:20 INFO  [] c.s.snatchmart.SnatchMartApplication - The following 1 profile is active: "local"
2026-02-22 00:34:20 INFO  [] o.s.d.r.c.RepositoryConfigurationDelegate - Multiple Spring Data modules found, entering strict repository configuration mode
2026-02-22 00:34:20 INFO  [] o.s.d.r.c.RepositoryConfigurationDelegate - Bootstrapping Spring Data JPA repositories in DEFAULT mode.
2026-02-22 00:34:20 INFO  [] o.s.d.r.c.RepositoryConfigurationDelegate - Finished Spring Data repository scanning in 9 ms. Found 12 JPA repository interfaces.
2026-02-22 00:34:20 INFO  [] o.s.b.w.e.tomcat.TomcatWebServer - Tomcat initialized with port 8081 (http)
2026-02-22 00:34:20 INFO  [] o.a.coyote.http11.Http11NioProtocol - Initializing ProtocolHandler ["http-nio-0.0.0.0-8081"]
2026-02-22 00:34:20 INFO  [] o.a.catalina.core.StandardService - Starting service [Tomcat]
2026-02-22 00:34:20 INFO  [] o.a.catalina.core.StandardEngine - Starting Servlet engine: [Apache Tomcat/10.1.46]
2026-02-22 00:34:20 INFO  [] o.a.c.c.C.[Tomcat].[localhost].[/] - Initializing Spring embedded WebApplicationContext
2026-02-22 00:34:20 INFO  [] o.s.b.w.s.c.ServletWebServerApplicationContext - Root WebApplicationContext: initialization completed in 148 ms
2026-02-22 00:34:20 INFO  [] o.h.jpa.internal.util.LogHelper - HHH000204: Processing PersistenceUnitInfo [name: default]
2026-02-22 00:34:20 INFO  [] o.h.c.i.RegionFactoryInitiator - HHH000026: Second-level cache disabled
2026-02-22 00:34:20 INFO  [] o.s.o.j.p.SpringPersistenceUnitInfo - No LoadTimeWeaver setup: ignoring JPA class transformer
2026-02-22 00:34:20 INFO  [] com.zaxxer.hikari.HikariDataSource - HikariPool-5 - Starting...
2026-02-22 00:34:22 INFO  [] com.zaxxer.hikari.pool.HikariPool - HikariPool-5 - Added connection org.postgresql.jdbc.PgConnection@68bc9ba2
2026-02-22 00:34:22 INFO  [] com.zaxxer.hikari.HikariDataSource - HikariPool-5 - Start completed.
2026-02-22 00:34:23 WARN  [] org.hibernate.orm.deprecation - HHH90000025: PostgreSQLDialect does not need to be specified explicitly using 'hibernate.dialect' (remove the property setting and it will be selected by default)
2026-02-22 00:34:23 INFO  [] o.hibernate.orm.connections.pooling - HHH10001005: Database info:
	Database JDBC URL [Connecting through datasource 'HikariDataSource (HikariPool-5)']
	Database driver: undefined/unknown
	Database version: 17.8
	Autocommit mode: undefined/unknown
	Isolation level: undefined/unknown
	Minimum pool size: undefined/unknown
	Maximum pool size: undefined/unknown
2026-02-22 00:34:23 INFO  [] o.h.e.t.j.p.i.JtaPlatformInitiator - HHH000489: No JTA platform available (set 'hibernate.transaction.jta.platform' to enable JTA platform integration)
2026-02-22 00:34:39 INFO  [] o.s.o.j.LocalContainerEntityManagerFactoryBean - Initialized JPA EntityManagerFactory for persistence unit 'default'
2026-02-22 00:34:39 DEBUG [] c.s.s.s.JwtAuthenticationFilter - Filter 'jwtAuthenticationFilter' configured for use
2026-02-22 00:34:39 INFO  [] o.s.s.c.a.a.c.InitializeAuthenticationProviderBeanManagerConfigurer$InitializeAuthenticationProviderManagerConfigurer - Global AuthenticationManager configured with AuthenticationProvider bean with name authenticationProvider
2026-02-22 00:34:39 WARN  [] o.s.s.c.a.a.c.InitializeUserDetailsBeanManagerConfigurer$InitializeUserDetailsManagerConfigurer - Global AuthenticationManager configured with an AuthenticationProvider bean. UserDetailsService beans will not be used by Spring Security for automatically configuring username/password login. Consider removing the AuthenticationProvider bean. Alternatively, consider using the UserDetailsService in a manually instantiated DaoAuthenticationProvider. If the current configuration is intentional, to turn off this warning, increase the logging level of 'org.springframework.security.config.annotation.authentication.configuration.InitializeUserDetailsBeanManagerConfigurer' to ERROR
2026-02-22 00:34:39 WARN  [] o.s.b.a.o.j.JpaBaseConfiguration$JpaWebConfiguration - spring.jpa.open-in-view is enabled by default. Therefore, database queries may be performed during view rendering. Explicitly configure spring.jpa.open-in-view to disable this warning
2026-02-22 00:34:39 INFO  [] o.s.b.a.h.H2ConsoleAutoConfiguration - H2 console available at '/h2-console'. Database available at 'jdbc:postgresql://ep-blue-field-afvby5th-pooler.c-2.us-west-2.aws.neon.tech/neondb?sslmode=require'
2026-02-22 00:34:39 INFO  [] o.s.b.d.a.OptionalLiveReloadServer - LiveReload server is running on port 35729
2026-02-22 00:34:39 INFO  [] o.a.coyote.http11.Http11NioProtocol - Starting ProtocolHandler ["http-nio-0.0.0.0-8081"]
2026-02-22 00:34:39 INFO  [] o.s.b.w.e.tomcat.TomcatWebServer - Tomcat started on port 8081 (http) with context path '/'
2026-02-22 00:34:39 INFO  [] c.s.s.scheduler.DealScheduler - Starting 30-min price sync job
2026-02-22 00:34:39 INFO  [] c.s.snatchmart.SnatchMartApplication - Started SnatchMartApplication in 19.606 seconds (process running for 1714.345)
2026-02-22 00:34:39 INFO  [] c.s.s.s.s.AffiliateSyncServiceImpl - Synced 0 deals from amazon
2026-02-22 00:34:39 INFO  [] c.s.s.s.s.AffiliateSyncServiceImpl - Synced 0 deals from flipkart
2026-02-22 00:34:39 INFO  [] o.s.b.d.a.ConditionEvaluationDeltaLoggingListener - Condition evaluation unchanged
2026-02-22 00:34:53 INFO  [] o.a.c.c.C.[Tomcat].[localhost].[/] - Initializing Spring DispatcherServlet 'dispatcherServlet'
2026-02-22 00:34:53 INFO  [] o.s.web.servlet.DispatcherServlet - Initializing Servlet 'dispatcherServlet'
2026-02-22 00:34:53 INFO  [] o.s.web.servlet.DispatcherServlet - Completed initialization in 3 ms
2026-02-22 00:39:29 INFO  [] o.s.b.d.a.LocalDevToolsAutoConfiguration$RestartingClassPathChangeChangedEventListener - Restarting due to 1 class path change (1 addition, 0 deletions, 0 modifications)
2026-02-22 00:39:29 INFO  [] o.s.b.w.e.tomcat.GracefulShutdown - Commencing graceful shutdown. Waiting for active requests to complete
2026-02-22 00:39:29 INFO  [] o.a.coyote.http11.Http11NioProtocol - Pausing ProtocolHandler ["http-nio-0.0.0.0-8081"]
2026-02-22 00:39:29 INFO  [] o.s.b.w.e.tomcat.GracefulShutdown - Graceful shutdown complete
2026-02-22 00:39:29 INFO  [] o.a.coyote.http11.Http11NioProtocol - Stopping ProtocolHandler ["http-nio-0.0.0.0-8081"]
2026-02-22 00:39:29 INFO  [] o.s.o.j.LocalContainerEntityManagerFactoryBean - Closing JPA EntityManagerFactory for persistence unit 'default'
2026-02-22 00:39:29 INFO  [] com.zaxxer.hikari.HikariDataSource - HikariPool-5 - Shutdown initiated...
2026-02-22 00:39:32 INFO  [] com.zaxxer.hikari.HikariDataSource - HikariPool-5 - Shutdown completed.
2026-02-22 00:39:32 INFO  [] c.s.snatchmart.SnatchMartApplication - Starting SnatchMartApplication using Java 21.0.9 with PID 9125 (/Users/pulkitgiddu/Documents/Code/Backend/snatchMart/target/classes started by pulkitgiddu in /Users/pulkitgiddu/Documents/Code/Backend/snatchMart)
2026-02-22 00:39:32 DEBUG [] c.s.snatchmart.SnatchMartApplication - Running with Spring Boot v3.5.6, Spring v6.2.11
2026-02-22 00:39:32 INFO  [] c.s.snatchmart.SnatchMartApplication - The following 1 profile is active: "local"
2026-02-22 00:39:32 INFO  [] o.s.d.r.c.RepositoryConfigurationDelegate - Multiple Spring Data modules found, entering strict repository configuration mode
2026-02-22 00:39:32 INFO  [] o.s.d.r.c.RepositoryConfigurationDelegate - Bootstrapping Spring Data JPA repositories in DEFAULT mode.
2026-02-22 00:39:32 INFO  [] o.s.d.r.c.RepositoryConfigurationDelegate - Finished Spring Data repository scanning in 11 ms. Found 12 JPA repository interfaces.
2026-02-22 00:39:32 INFO  [] o.s.b.w.e.tomcat.TomcatWebServer - Tomcat initialized with port 8081 (http)
2026-02-22 00:39:32 INFO  [] o.a.coyote.http11.Http11NioProtocol - Initializing ProtocolHandler ["http-nio-0.0.0.0-8081"]
2026-02-22 00:39:32 INFO  [] o.a.catalina.core.StandardService - Starting service [Tomcat]
2026-02-22 00:39:32 INFO  [] o.a.catalina.core.StandardEngine - Starting Servlet engine: [Apache Tomcat/10.1.46]
2026-02-22 00:39:32 INFO  [] o.a.c.c.C.[Tomcat].[localhost].[/] - Initializing Spring embedded WebApplicationContext
2026-02-22 00:39:32 INFO  [] o.s.b.w.s.c.ServletWebServerApplicationContext - Root WebApplicationContext: initialization completed in 204 ms
2026-02-22 00:39:32 INFO  [] o.h.jpa.internal.util.LogHelper - HHH000204: Processing PersistenceUnitInfo [name: default]
2026-02-22 00:39:32 INFO  [] o.h.c.i.RegionFactoryInitiator - HHH000026: Second-level cache disabled
2026-02-22 00:39:32 INFO  [] o.s.o.j.p.SpringPersistenceUnitInfo - No LoadTimeWeaver setup: ignoring JPA class transformer
2026-02-22 00:39:32 INFO  [] com.zaxxer.hikari.HikariDataSource - HikariPool-6 - Starting...
2026-02-22 00:39:35 INFO  [] com.zaxxer.hikari.pool.HikariPool - HikariPool-6 - Added connection org.postgresql.jdbc.PgConnection@7f731307
2026-02-22 00:39:35 INFO  [] com.zaxxer.hikari.HikariDataSource - HikariPool-6 - Start completed.
2026-02-22 00:39:35 WARN  [] org.hibernate.orm.deprecation - HHH90000025: PostgreSQLDialect does not need to be specified explicitly using 'hibernate.dialect' (remove the property setting and it will be selected by default)
2026-02-22 00:39:36 INFO  [] o.hibernate.orm.connections.pooling - HHH10001005: Database info:
	Database JDBC URL [Connecting through datasource 'HikariDataSource (HikariPool-6)']
	Database driver: undefined/unknown
	Database version: 17.8
	Autocommit mode: undefined/unknown
	Isolation level: undefined/unknown
	Minimum pool size: undefined/unknown
	Maximum pool size: undefined/unknown
2026-02-22 00:39:36 INFO  [] o.h.e.t.j.p.i.JtaPlatformInitiator - HHH000489: No JTA platform available (set 'hibernate.transaction.jta.platform' to enable JTA platform integration)
2026-02-22 00:39:51 INFO  [] o.s.o.j.LocalContainerEntityManagerFactoryBean - Initialized JPA EntityManagerFactory for persistence unit 'default'
2026-02-22 00:39:51 DEBUG [] c.s.s.s.JwtAuthenticationFilter - Filter 'jwtAuthenticationFilter' configured for use
2026-02-22 00:39:51 INFO  [] o.s.s.c.a.a.c.InitializeAuthenticationProviderBeanManagerConfigurer$InitializeAuthenticationProviderManagerConfigurer - Global AuthenticationManager configured with AuthenticationProvider bean with name authenticationProvider
2026-02-22 00:39:51 WARN  [] o.s.s.c.a.a.c.InitializeUserDetailsBeanManagerConfigurer$InitializeUserDetailsManagerConfigurer - Global AuthenticationManager configured with an AuthenticationProvider bean. UserDetailsService beans will not be used by Spring Security for automatically configuring username/password login. Consider removing the AuthenticationProvider bean. Alternatively, consider using the UserDetailsService in a manually instantiated DaoAuthenticationProvider. If the current configuration is intentional, to turn off this warning, increase the logging level of 'org.springframework.security.config.annotation.authentication.configuration.InitializeUserDetailsBeanManagerConfigurer' to ERROR
2026-02-22 00:39:51 WARN  [] o.s.b.a.o.j.JpaBaseConfiguration$JpaWebConfiguration - spring.jpa.open-in-view is enabled by default. Therefore, database queries may be performed during view rendering. Explicitly configure spring.jpa.open-in-view to disable this warning
2026-02-22 00:39:51 INFO  [] o.s.b.a.h.H2ConsoleAutoConfiguration - H2 console available at '/h2-console'. Database available at 'jdbc:postgresql://ep-blue-field-afvby5th-pooler.c-2.us-west-2.aws.neon.tech/neondb?sslmode=require'
2026-02-22 00:39:51 INFO  [] o.s.b.d.a.OptionalLiveReloadServer - LiveReload server is running on port 35729
2026-02-22 00:39:51 INFO  [] o.a.coyote.http11.Http11NioProtocol - Starting ProtocolHandler ["http-nio-0.0.0.0-8081"]
2026-02-22 00:39:51 INFO  [] o.s.b.w.e.tomcat.TomcatWebServer - Tomcat started on port 8081 (http) with context path '/'
2026-02-22 00:39:51 INFO  [] c.s.s.scheduler.DealScheduler - Starting 30-min price sync job
2026-02-22 00:39:51 INFO  [] c.s.snatchmart.SnatchMartApplication - Started SnatchMartApplication in 19.264 seconds (process running for 2026.226)
2026-02-22 00:39:51 INFO  [] c.s.s.s.s.AffiliateSyncServiceImpl - Synced 0 deals from amazon
2026-02-22 00:39:51 INFO  [] c.s.s.s.s.AffiliateSyncServiceImpl - Synced 0 deals from flipkart
2026-02-22 00:39:51 INFO  [] o.s.b.d.a.ConditionEvaluationDeltaLoggingListener - Condition evaluation unchanged
2026-02-22 00:41:29 INFO  [] o.a.c.c.C.[Tomcat].[localhost].[/] - Initializing Spring DispatcherServlet 'dispatcherServlet'
2026-02-22 00:41:29 INFO  [] o.s.web.servlet.DispatcherServlet - Initializing Servlet 'dispatcherServlet'
2026-02-22 00:41:29 INFO  [] o.s.web.servlet.DispatcherServlet - Completed initialization in 9 ms
2026-02-22 01:09:51 INFO  [] c.s.s.scheduler.DealScheduler - Starting 30-min price sync job
2026-02-22 01:09:51 INFO  [] c.s.s.s.s.AffiliateSyncServiceImpl - Synced 0 deals from amazon
2026-02-22 01:09:51 INFO  [] c.s.s.s.s.AffiliateSyncServiceImpl - Synced 0 deals from flipkart
2026-02-22 01:39:51 INFO  [] c.s.s.scheduler.DealScheduler - Starting 30-min price sync job
2026-02-22 01:39:51 INFO  [] c.s.s.s.s.AffiliateSyncServiceImpl - Synced 0 deals from amazon
2026-02-22 01:39:51 INFO  [] c.s.s.s.s.AffiliateSyncServiceImpl - Synced 0 deals from flipkart
2026-02-22 02:09:51 INFO  [] c.s.s.scheduler.DealScheduler - Starting 30-min price sync job
2026-02-22 02:09:51 INFO  [] c.s.s.s.s.AffiliateSyncServiceImpl - Synced 0 deals from amazon
2026-02-22 02:09:51 INFO  [] c.s.s.s.s.AffiliateSyncServiceImpl - Synced 0 deals from flipkart
2026-02-22 02:39:51 INFO  [] c.s.s.scheduler.DealScheduler - Starting 30-min price sync job
2026-02-22 02:39:51 INFO  [] c.s.s.s.s.AffiliateSyncServiceImpl - Synced 0 deals from amazon
2026-02-22 02:39:51 INFO  [] c.s.s.s.s.AffiliateSyncServiceImpl - Synced 0 deals from flipkart
2026-02-22 03:09:51 INFO  [] c.s.s.scheduler.DealScheduler - Starting 30-min price sync job
2026-02-22 03:09:51 INFO  [] c.s.s.s.s.AffiliateSyncServiceImpl - Synced 0 deals from amazon
2026-02-22 03:09:51 INFO  [] c.s.s.s.s.AffiliateSyncServiceImpl - Synced 0 deals from flipkart
2026-02-22 03:39:51 INFO  [] c.s.s.scheduler.DealScheduler - Starting 30-min price sync job
2026-02-22 03:39:51 INFO  [] c.s.s.s.s.AffiliateSyncServiceImpl - Synced 0 deals from amazon
2026-02-22 03:39:51 INFO  [] c.s.s.s.s.AffiliateSyncServiceImpl - Synced 0 deals from flipkart
2026-02-22 04:09:51 INFO  [] c.s.s.scheduler.DealScheduler - Starting 30-min price sync job
2026-02-22 04:09:51 INFO  [] c.s.s.s.s.AffiliateSyncServiceImpl - Synced 0 deals from amazon
2026-02-22 04:09:51 INFO  [] c.s.s.s.s.AffiliateSyncServiceImpl - Synced 0 deals from flipkart
2026-02-22 04:56:49 WARN  [] com.zaxxer.hikari.pool.HikariPool - HikariPool-6 - Thread starvation or clock leap detected (housekeeper delta=43m39s601ms).
2026-02-22 04:58:44 WARN  [] com.zaxxer.hikari.pool.PoolBase - HikariPool-6 - Failed to validate connection org.postgresql.jdbc.PgConnection@77b73c1a (This connection has been closed.). Possibly consider using a shorter maxLifetime value.
2026-02-22 04:58:44 WARN  [] com.zaxxer.hikari.pool.PoolBase - HikariPool-6 - Failed to validate connection org.postgresql.jdbc.PgConnection@68545005 (This connection has been closed.). Possibly consider using a shorter maxLifetime value.
2026-02-22 04:58:46 WARN  [] com.zaxxer.hikari.pool.PoolBase - HikariPool-6 - Failed to validate connection org.postgresql.jdbc.PgConnection@18f6fa84 (This connection has been closed.). Possibly consider using a shorter maxLifetime value.
2026-02-22 05:59:47 WARN  [] com.zaxxer.hikari.pool.HikariPool - HikariPool-6 - Thread starvation or clock leap detected (housekeeper delta=1h2m58s213ms).
2026-02-22 06:48:20 WARN  [] com.zaxxer.hikari.pool.PoolBase - HikariPool-6 - Failed to validate connection org.postgresql.jdbc.PgConnection@56ef526c (This connection has been closed.). Possibly consider using a shorter maxLifetime value.
2026-02-22 06:48:21 WARN  [] com.zaxxer.hikari.pool.PoolBase - HikariPool-6 - Failed to validate connection org.postgresql.jdbc.PgConnection@284ee6d6 (This connection has been closed.). Possibly consider using a shorter maxLifetime value.
2026-02-22 06:48:25 WARN  [] com.zaxxer.hikari.pool.PoolBase - HikariPool-6 - Failed to validate connection org.postgresql.jdbc.PgConnection@7430b81 (This connection has been closed.). Possibly consider using a shorter maxLifetime value.
2026-02-22 06:48:34 WARN  [] com.zaxxer.hikari.pool.HikariPool - HikariPool-6 - Thread starvation or clock leap detected (housekeeper delta=48m47s4ms).
2026-02-22 07:00:44 WARN  [] com.zaxxer.hikari.pool.PoolBase - HikariPool-6 - Failed to validate connection org.postgresql.jdbc.PgConnection@2b935537 (This connection has been closed.). Possibly consider using a shorter maxLifetime value.
2026-02-22 07:00:44 WARN  [] com.zaxxer.hikari.pool.PoolBase - HikariPool-6 - Failed to validate connection org.postgresql.jdbc.PgConnection@14b34e08 (This connection has been closed.). Possibly consider using a shorter maxLifetime value.
2026-02-22 07:18:24 WARN  [] com.zaxxer.hikari.pool.HikariPool - HikariPool-6 - Thread starvation or clock leap detected (housekeeper delta=29m49s503ms).
2026-02-22 07:18:27 WARN  [] com.zaxxer.hikari.pool.PoolBase - HikariPool-6 - Failed to validate connection org.postgresql.jdbc.PgConnection@b33501c (This connection has been closed.). Possibly consider using a shorter maxLifetime value.
2026-02-22 07:18:31 WARN  [] com.zaxxer.hikari.pool.PoolBase - HikariPool-6 - Failed to validate connection org.postgresql.jdbc.PgConnection@520b6334 (This connection has been closed.). Possibly consider using a shorter maxLifetime value.
2026-02-22 08:01:44 WARN  [] com.zaxxer.hikari.pool.PoolBase - HikariPool-6 - Failed to validate connection org.postgresql.jdbc.PgConnection@5c46a473 (This connection has been closed.). Possibly consider using a shorter maxLifetime value.
2026-02-22 08:01:45 WARN  [] com.zaxxer.hikari.pool.HikariPool - HikariPool-6 - Thread starvation or clock leap detected (housekeeper delta=43m21s170ms).
2026-02-22 08:18:14 WARN  [] com.zaxxer.hikari.pool.PoolBase - HikariPool-6 - Failed to validate connection org.postgresql.jdbc.PgConnection@33173edd (This connection has been closed.). Possibly consider using a shorter maxLifetime value.
2026-02-22 08:18:14 WARN  [] com.zaxxer.hikari.pool.PoolBase - HikariPool-6 - Failed to validate connection org.postgresql.jdbc.PgConnection@5380b746 (This connection has been closed.). Possibly consider using a shorter maxLifetime value.
2026-02-22 08:56:21 WARN  [] com.zaxxer.hikari.pool.PoolBase - HikariPool-6 - Failed to validate connection org.postgresql.jdbc.PgConnection@3b6eaf65 (This connection has been closed.). Possibly consider using a shorter maxLifetime value.
2026-02-22 08:56:22 WARN  [] com.zaxxer.hikari.pool.HikariPool - HikariPool-6 - Thread starvation or clock leap detected (housekeeper delta=54m37s345ms).
2026-02-22 08:56:25 WARN  [] com.zaxxer.hikari.pool.PoolBase - HikariPool-6 - Failed to validate connection org.postgresql.jdbc.PgConnection@6c1e66c2 (This connection has been closed.). Possibly consider using a shorter maxLifetime value.
2026-02-22 09:02:48 WARN  [] com.zaxxer.hikari.pool.PoolBase - HikariPool-6 - Failed to validate connection org.postgresql.jdbc.PgConnection@3af2c680 (This connection has been closed.). Possibly consider using a shorter maxLifetime value.
2026-02-22 09:54:01 WARN  [] com.zaxxer.hikari.pool.HikariPool - HikariPool-6 - Thread starvation or clock leap detected (housekeeper delta=57m38s427ms).
2026-02-22 10:24:56 WARN  [] com.zaxxer.hikari.pool.HikariPool - HikariPool-6 - Thread starvation or clock leap detected (housekeeper delta=30m55s705ms).
2026-02-22 11:04:54 WARN  [] com.zaxxer.hikari.pool.HikariPool - HikariPool-6 - Thread starvation or clock leap detected (housekeeper delta=39m57s493ms).
2026-02-22 12:05:44 WARN  [] com.zaxxer.hikari.pool.HikariPool - HikariPool-6 - Thread starvation or clock leap detected (housekeeper delta=1h50s74ms).
2026-02-22 12:49:24 WARN  [] com.zaxxer.hikari.pool.HikariPool - HikariPool-6 - Thread starvation or clock leap detected (housekeeper delta=43m39s675ms).
2026-02-22 13:12:35 WARN  [] com.zaxxer.hikari.pool.HikariPool - HikariPool-6 - Thread starvation or clock leap detected (housekeeper delta=23m11s955ms).
2026-02-22 13:56:14 WARN  [] com.zaxxer.hikari.pool.HikariPool - HikariPool-6 - Thread starvation or clock leap detected (housekeeper delta=43m38s788ms).
2026-02-22 14:11:45 WARN  [] com.zaxxer.hikari.pool.HikariPool - HikariPool-6 - Thread starvation or clock leap detected (housekeeper delta=15m31s167ms).
2026-02-22 14:15:37 WARN  [] com.zaxxer.hikari.pool.HikariPool - HikariPool-6 - Thread starvation or clock leap detected (housekeeper delta=3m51s572ms).
2026-02-22 14:28:19 WARN  [] com.zaxxer.hikari.pool.HikariPool - HikariPool-6 - Thread starvation or clock leap detected (housekeeper delta=12m41s606ms).
2026-02-22 15:07:57 INFO  [] c.s.s.scheduler.DealScheduler - Starting 30-min price sync job
2026-02-22 15:07:57 INFO  [] c.s.s.s.s.AffiliateSyncServiceImpl - Synced 0 deals from amazon
2026-02-22 15:07:57 INFO  [] c.s.s.s.s.AffiliateSyncServiceImpl - Synced 0 deals from flipkart
2026-02-22 15:49:26 WARN  [] com.zaxxer.hikari.pool.HikariPool - HikariPool-6 - Thread starvation or clock leap detected (housekeeper delta=1h2m37s477ms).
2026-02-22 15:58:45 WARN  [] com.zaxxer.hikari.pool.HikariPool - HikariPool-6 - Thread starvation or clock leap detected (housekeeper delta=9m18s931ms).
2026-02-22 16:36:35 WARN  [] com.zaxxer.hikari.pool.HikariPool - HikariPool-6 - Thread starvation or clock leap detected (housekeeper delta=37m49s429ms).
2026-02-22 16:46:20 WARN  [] com.zaxxer.hikari.pool.PoolBase - HikariPool-6 - Failed to validate connection org.postgresql.jdbc.PgConnection@69c9272d (This connection has been closed.). Possibly consider using a shorter maxLifetime value.
2026-02-22 17:04:55 WARN  [] com.zaxxer.hikari.pool.PoolBase - HikariPool-6 - Failed to validate connection org.postgresql.jdbc.PgConnection@5a947a39 (This connection has been closed.). Possibly consider using a shorter maxLifetime value.
2026-02-22 17:04:58 WARN  [] com.zaxxer.hikari.pool.HikariPool - HikariPool-6 - Thread starvation or clock leap detected (housekeeper delta=28m23s248ms).
2026-02-22 17:09:19 WARN  [] com.zaxxer.hikari.pool.PoolBase - HikariPool-6 - Failed to validate connection org.postgresql.jdbc.PgConnection@44ca4115 (This connection has been closed.). Possibly consider using a shorter maxLifetime value.
2026-02-22 17:14:35 WARN  [] com.zaxxer.hikari.pool.PoolBase - HikariPool-6 - Failed to validate connection org.postgresql.jdbc.PgConnection@38a809e1 (This connection has been closed.). Possibly consider using a shorter maxLifetime value.
2026-02-22 17:14:40 WARN  [] com.zaxxer.hikari.pool.PoolBase - HikariPool-6 - Failed to validate connection org.postgresql.jdbc.PgConnection@b16d1c2 (This connection has been closed.). Possibly consider using a shorter maxLifetime value.
2026-02-22 17:57:34 WARN  [] com.zaxxer.hikari.pool.PoolBase - HikariPool-6 - Failed to validate connection org.postgresql.jdbc.PgConnection@7b02681a (This connection has been closed.). Possibly consider using a shorter maxLifetime value.
2026-02-22 17:57:37 WARN  [] com.zaxxer.hikari.pool.HikariPool - HikariPool-6 - Thread starvation or clock leap detected (housekeeper delta=52m39s94ms).
2026-02-22 18:37:51 WARN  [] com.zaxxer.hikari.pool.HikariPool - HikariPool-6 - Thread starvation or clock leap detected (housekeeper delta=40m14s114ms).
2026-02-22 18:48:58 WARN  [] com.zaxxer.hikari.pool.PoolBase - HikariPool-6 - Failed to validate connection org.postgresql.jdbc.PgConnection@3e38d8ea (This connection has been closed.). Possibly consider using a shorter maxLifetime value.
2026-02-22 19:32:08 WARN  [] com.zaxxer.hikari.pool.HikariPool - HikariPool-6 - Thread starvation or clock leap detected (housekeeper delta=54m17s6ms).
2026-02-22 19:49:54 WARN  [] com.zaxxer.hikari.pool.PoolBase - HikariPool-6 - Failed to validate connection org.postgresql.jdbc.PgConnection@5c00305d (This connection has been closed.). Possibly consider using a shorter maxLifetime value.
2026-02-22 19:49:55 WARN  [] com.zaxxer.hikari.pool.PoolBase - HikariPool-6 - Failed to validate connection org.postgresql.jdbc.PgConnection@4b799a1b (This connection has been closed.). Possibly consider using a shorter maxLifetime value.
2026-02-22 19:52:16 WARN  [] com.zaxxer.hikari.pool.PoolBase - HikariPool-6 - Failed to validate connection org.postgresql.jdbc.PgConnection@2952c612 (This connection has been closed.). Possibly consider using a shorter maxLifetime value.
2026-02-22 19:56:36 WARN  [] com.zaxxer.hikari.pool.HikariPool - HikariPool-6 - Thread starvation or clock leap detected (housekeeper delta=24m27s904ms).
2026-02-22 19:56:37 WARN  [] com.zaxxer.hikari.pool.PoolBase - HikariPool-6 - Failed to validate connection org.postgresql.jdbc.PgConnection@306f7a71 (This connection has been closed.). Possibly consider using a shorter maxLifetime value.
2026-02-22 19:56:38 WARN  [] com.zaxxer.hikari.pool.PoolBase - HikariPool-6 - Failed to validate connection org.postgresql.jdbc.PgConnection@37419725 (This connection has been closed.). Possibly consider using a shorter maxLifetime value.
2026-02-22 19:56:38 WARN  [] com.zaxxer.hikari.pool.PoolBase - HikariPool-6 - Failed to validate connection org.postgresql.jdbc.PgConnection@89cb589 (This connection has been closed.). Possibly consider using a shorter maxLifetime value.
2026-02-22 20:19:44 WARN  [] com.zaxxer.hikari.pool.HikariPool - HikariPool-6 - Thread starvation or clock leap detected (housekeeper delta=23m8s118ms).
2026-02-22 20:42:51 WARN  [] com.zaxxer.hikari.pool.PoolBase - HikariPool-6 - Failed to validate connection org.postgresql.jdbc.PgConnection@5b33c9cd (This connection has been closed.). Possibly consider using a shorter maxLifetime value.
2026-02-22 20:42:51 WARN  [] com.zaxxer.hikari.pool.PoolBase - HikariPool-6 - Failed to validate connection org.postgresql.jdbc.PgConnection@dad544b (This connection has been closed.). Possibly consider using a shorter maxLifetime value.
2026-02-22 20:42:51 WARN  [] com.zaxxer.hikari.pool.PoolBase - HikariPool-6 - Failed to validate connection org.postgresql.jdbc.PgConnection@39778e9d (This connection has been closed.). Possibly consider using a shorter maxLifetime value.
2026-02-22 20:42:52 WARN  [] com.zaxxer.hikari.pool.PoolBase - HikariPool-6 - Failed to validate connection org.postgresql.jdbc.PgConnection@7ccf55df (This connection has been closed.). Possibly consider using a shorter maxLifetime value.
2026-02-22 20:50:57 WARN  [] com.zaxxer.hikari.pool.HikariPool - HikariPool-6 - Thread starvation or clock leap detected (housekeeper delta=31m12s846ms).
2026-02-22 21:14:00 WARN  [] com.zaxxer.hikari.pool.HikariPool - HikariPool-6 - Thread starvation or clock leap detected (housekeeper delta=23m2s592ms).
2026-02-22 21:43:44 WARN  [] com.zaxxer.hikari.pool.PoolBase - HikariPool-6 - Failed to validate connection org.postgresql.jdbc.PgConnection@18f21e7a (This connection has been closed.). Possibly consider using a shorter maxLifetime value.
2026-02-22 21:46:43 WARN  [] com.zaxxer.hikari.pool.PoolBase - HikariPool-6 - Failed to validate connection org.postgresql.jdbc.PgConnection@7a1c742b (This connection has been closed.). Possibly consider using a shorter maxLifetime value.
2026-02-22 21:46:43 WARN  [] com.zaxxer.hikari.pool.PoolBase - HikariPool-6 - Failed to validate connection org.postgresql.jdbc.PgConnection@74f26731 (This connection has been closed.). Possibly consider using a shorter maxLifetime value.
2026-02-22 22:07:07 WARN  [] com.zaxxer.hikari.pool.PoolBase - HikariPool-6 - Failed to validate connection org.postgresql.jdbc.PgConnection@5b36849a (This connection has been closed.). Possibly consider using a shorter maxLifetime value.
2026-02-22 22:22:42 WARN  [] com.zaxxer.hikari.pool.PoolBase - HikariPool-6 - Failed to validate connection org.postgresql.jdbc.PgConnection@637022c4 (This connection has been closed.). Possibly consider using a shorter maxLifetime value.
2026-02-22 22:22:42 WARN  [] com.zaxxer.hikari.pool.HikariPool - HikariPool-6 - Thread starvation or clock leap detected (housekeeper delta=1h8m42s654ms).
2026-02-22 23:53:53 WARN  [] com.zaxxer.hikari.pool.HikariPool - HikariPool-6 - Thread starvation or clock leap detected (housekeeper delta=1h31m10s695ms).
